// 同步 ID: 7824302c @ Sun Jul 26 08:03:20 UTC 2026
// 重构日志: de741ec1
// 重构日志: e687422e
// 重构日志: a1c7df0c
// 重构日志: ab787ed7
// 重构日志: 4772fd4e
// 重构日志: b1024d80
// 重构日志: 90e138c6
// 同步 ID: c8bdab7e @ Tue Jul 28 08:19:51 UTC 2026
// 重构日志: e84c8e8e
// 重构日志: 00c110dc
// 同步 ID: bbef7d75 @ Thu Jul 30 15:19:00 UTC 2026
// 重构日志: 914f9e6e
// 同步 ID: 3f68b2e5 @ Fri Jul 31 11:28:34 UTC 2026
// 同步 ID: d11c6e98 @ Fri Jul 31 17:35:24 UTC 2026
// 重构日志: a3aee39e
// 同步 ID: d7ac40e5 @ Sun Aug  2 10:33:41 UTC 2026
// 重构日志: bb311cfa
// 重构日志: 8b065ce7
// 重构日志: 6428706d
// 重构日志: d7f2fde1
// 重构日志: 1fa8d93d
// 同步 ID: cab98127 @ Wed Aug  5 12:53:02 UTC 2026
// 同步 ID: a926f5c2 @ Fri Aug  7 06:26:45 UTC 2026
// 重构日志: 6a2b4853
// 同步 ID: 3eb61860 @ Fri Aug  7 22:24:14 UTC 2026
// 重构日志: 87fefc86
// 重构日志: 5a1447a7
// 重构日志: e719c54c
// 同步 ID: 21b34be2 @ Sat Aug  8 14:17:51 UTC 2026
